Microchip MPLAB XC8 Compiler V2.10 ()

Linker command line:

-W-3 --edf=C:\Program Files (x86)\Microchip\xc8\v2.10\pic\dat\en_msgs.txt \
  -cs -h+dist/default/production\Lab5_i2c_master.X.production.sym \
  --cmf=dist/default/production\Lab5_i2c_master.X.production.cmf -z \
  -Q16F887 -oC:\Users\Peter\AppData\Local\Temp\sf48.2 \
  --defsym=__MPLAB_BUILD=1 \
  -Mdist/default/production/Lab5_i2c_master.X.production.map -E1 -ver=XC8 \
  --acfsm=1493 -ASTACK=0110h-016Fh -pstack=STACK -ACODE=00h-07FFhx4 \
  -ASTRCODE=00h-01FFFh -ASTRING=00h-0FFhx32 -ACONST=00h-0FFhx32 \
  -AENTRY=00h-0FFhx32 -ACOMMON=070h-07Fh -ABANK0=020h-06Fh \
  -ABANK1=0A0h-0EFh -ABANK2=0110h-016Fh -ABANK3=0190h-01EFh \
  -ARAM=020h-06Fh,0A0h-0EFh,0110h-016Fh,0190h-01EFh \
  -AABS1=020h-07Fh,0A0h-0EFh,0110h-016Fh,0190h-01EFh -ASFR0=00h-01Fh \
  -ASFR1=080h-09Fh -ASFR2=0100h-010Fh -ASFR3=0180h-018Fh \
  -preset_vec=00h,intentry,init,end_init -ppowerup=CODE -pcinit=CODE \
  -pfunctab=ENTRY -ACONFIG=02007h-02008h -pconfig=CONFIG -DCONFIG=2 \
  -AIDLOC=02000h-02003h -pidloc=IDLOC -DIDLOC=2 -AEEDATA=00h-0FFh/02100h \
  -peeprom_data=EEDATA -DEEDATA=2 -DCODE=2 -DSTRCODE=2 -DSTRING=2 -DCONST=2 \
  -DENTRY=2 -k C:\Users\Peter\AppData\Local\Temp\sf48.o \
  dist/default/production\Lab5_i2c_master.X.production.o 

Object code version is 3.11

Machine type is 16F887



                Name                               Link     Load   Length Selector   Space Scale
C:\Users\Peter\AppData\Local\Temp\sf48.o
                end_init                              0        0        3        0       0
                config                             2007     2007        2     400E       0
dist/default/production\Lab5_i2c_master.X.production.o
                cinit                               7F0      7F0       10      FE0       0
                text23                               1A       1A      1DD       34       0
                text22                              B4D      B4D       27     169A       0
                text21                              48F      48F      361      91E       0
                text20                              1F7      1F7      298      3EE       0
                text19                              ADF      ADF       24     15BE       0
                text18                              C9E      C9E       7C     193C       0
                text17                              B03      B03       25     1606       0
                text16                              D1A      D1A       BC     1A34       0
                text15                              A87      A87        D     150E       0
                text14                              B74      B74       36     16E8       0
                text13                              A61      A61        9     14C2       0
                text12                              A6A      A6A        9     14D4       0
                text11                              A73      A73        A     14E6       0
                text10                              C38      C38       66     1870       0
                text9                               BAA      BAA       38     1754       0
                text8                                 4        4       16        8       0
                text7                               AA2      AA2       10     1544       0
                text6                               B28      B28       25     1650       0
                text5                               A94      A94        E     1528       0
                text4                               AB2      AB2       11     1564       0
                text3                               BE2      BE2       56     17C4       0
                text2                               AC3      AC3       1C     1586       0
                text1                               A7D      A7D        A     14FA       0
                maintext                            DD6      DD6      22A     1BAC       0
                cstackBANK0                          20       20       3E       20       1
                cstackCOMMON                         70       70        E       70       1
                bssBANK0                             5E       5E        A       20       1
                strings                             800      800       14     1000       0

TOTAL           Name                               Link     Load   Length     Space
        CLASS   STACK          

        CLASS   CODE           
                end_init                              0        0        3         0
                cinit                               7F0      7F0       10         0
                text23                               1A       1A      1DD         0
                text22                              B4D      B4D       27         0
                text21                              48F      48F      361         0
                text20                              1F7      1F7      298         0
                text19                              ADF      ADF       24         0
                text18                              C9E      C9E       7C         0
                text17                              B03      B03       25         0
                text16                              D1A      D1A       BC         0
                text15                              A87      A87        D         0
                text14                              B74      B74       36         0
                text13                              A61      A61        9         0
                text12                              A6A      A6A        9         0
                text11                              A73      A73        A         0
                text10                              C38      C38       66         0
                text9                               BAA      BAA       38         0
                text8                                 4        4       16         0
                text7                               AA2      AA2       10         0
                text6                               B28      B28       25         0
                text5                               A94      A94        E         0
                text4                               AB2      AB2       11         0
                text3                               BE2      BE2       56         0
                text2                               AC3      AC3       1C         0
                text1                               A7D      A7D        A         0
                maintext                            DD6      DD6      22A         0

        CLASS   STRCODE        

        CLASS   STRING         
                strings                             800      800       14         0

        CLASS   CONST          

        CLASS   ENTRY          

        CLASS   COMMON         
                cstackCOMMON                         70       70        E         1

        CLASS   BANK0          
                cstackBANK0                          20       20       3E         1
                bssBANK0                             5E       5E        A         1

        CLASS   BANK1          

        CLASS   BANK2          

        CLASS   BANK3          

        CLASS   RAM            

        CLASS   ABS1           
                abs_s1                               7E       7E        2         1

        CLASS   SFR0           

        CLASS   SFR1           

        CLASS   SFR2           

        CLASS   SFR3           

        CLASS   CONFIG         
                config                             2007     2007        2         0

        CLASS   IDLOC          

        CLASS   EEDATA         



SEGMENTS        Name                           Load    Length   Top    Selector   Space  Class     Delta

                reset_vec                      000000  000003  000003         0       0  CODE        2
                text8                          000004  000016  00001A         8       0  CODE        2
                cstackBANK0                    000020  000048  000068        20       1  BANK0       1
                text23                         00001A  0001DD  0001F7        34       0  CODE        2
                cstackCOMMON                   000070  00000E  00007E        70       1  COMMON      1
                text20                         0001F7  000298  00048F       3EE       0  CODE        2
                text21                         00048F  000361  0007F0       91E       0  CODE        2
                cinit                          0007F0  000010  000800       FE0       0  CODE        2
                strings                        000800  000014  000814      1000       0  STRING      2
                text13                         000A61  000009  000A6A      14C2       0  CODE        2
                text12                         000A6A  000009  000A73      14D4       0  CODE        2
                text11                         000A73  00000A  000A7D      14E6       0  CODE        2
                text1                          000A7D  00000A  000A87      14FA       0  CODE        2
                text15                         000A87  00000D  000A94      150E       0  CODE        2
                text5                          000A94  00000E  000AA2      1528       0  CODE        2
                text7                          000AA2  000010  000AB2      1544       0  CODE        2
                text4                          000AB2  000011  000AC3      1564       0  CODE        2
                text2                          000AC3  00001C  000ADF      1586       0  CODE        2
                text19                         000ADF  000024  000B03      15BE       0  CODE        2
                text17                         000B03  000025  000B28      1606       0  CODE        2
                text6                          000B28  000025  000B4D      1650       0  CODE        2
                text22                         000B4D  000027  000B74      169A       0  CODE        2
                text14                         000B74  000036  000BAA      16E8       0  CODE        2
                text9                          000BAA  000038  000BE2      1754       0  CODE        2
                text3                          000BE2  000056  000C38      17C4       0  CODE        2
                text10                         000C38  000066  000C9E      1870       0  CODE        2
                text18                         000C9E  00007C  000D1A      193C       0  CODE        2
                text16                         000D1A  0000BC  000DD6      1A34       0  CODE        2
                maintext                       000DD6  00022A  001000      1BAC       0  CODE        2
                config                         002007  000002  002009      400E       0  CONFIG      2


UNUSED ADDRESS RANGES

        Name                Unused          Largest block    Delta
        BANK0            0068-006F              8           1
        BANK1            00A0-00EF             50           1
        BANK2            0110-016F             60           1
        BANK3            0190-01EF             60           1
        CODE             0003-0003              1           2
                         0814-0A60            24D
                         1000-1FFF            800
        CONST            0003-0003              1           2
                         0814-0A60            100
                         1000-1FFF            100
        EEDATA           2100-21FF            100           2
        ENTRY            0003-0003              1           2
                         0814-0A60            100
                         1000-1FFF            100
        IDLOC            2000-2003              4           2
        RAM              0068-006F              8           1
                         00A0-00EF             50
                         0110-016F             60
                         0190-01EF             60
        SFR0             0000-001F             20           1
        SFR1             0080-009F             20           1
        SFR2             0100-010F             10           1
        SFR3             0180-018F             10           1
        STACK            0110-016F             60           1
        STRCODE          0003-0003              1           2
                         0814-0A60            24D
                         1000-1FFF           1000
        STRING           0003-0003              1           2
                         0814-0A60            100
                         1000-1FFF            100

                                  Symbol Table

?__Umul8_16               cstackCOMMON 0070
?___fladd                 cstackCOMMON 0070
?___fldiv                 cstackBANK0  0035
?___flmul                 cstackBANK0  0020
?___flsub                 cstackBANK0  0028
?___fltol                 cstackBANK0  004F
?___lldiv                 cstackCOMMON 0070
?___wmul                  cstackCOMMON 0070
?___xxtofl                cstackCOMMON 0076
?_i2c_masterRead          cstackCOMMON 0070
_ANSEL                    (abs)        0188
_ANSELH                   (abs)        0189
_INTCONbits               (abs)        000B
_PIE1bits                 (abs)        008C
_PIR1bits                 (abs)        000C
_PORTA                    (abs)        0005
_PORTEbits                (abs)        0009
_SSPADD                   (abs)        0093
_SSPBUF                   (abs)        0013
_SSPCON                   (abs)        0014
_SSPCON2                  (abs)        0091
_SSPCON2bits              (abs)        0091
_SSPSTAT                  (abs)        0094
_TRISA                    (abs)        0085
_TRISCbits                (abs)        0087
_TRISE                    (abs)        0089
__CFG_BOR4V$BOR40V        (abs)        0000
__CFG_BOREN$OFF           (abs)        0000
__CFG_CP$OFF              (abs)        0000
__CFG_CPD$OFF             (abs)        0000
__CFG_FCMEN$OFF           (abs)        0000
__CFG_FOSC$INTRC_NOCLKOUT (abs)        0000
__CFG_IESO$OFF            (abs)        0000
__CFG_LVP$OFF             (abs)        0000
__CFG_MCLRE$OFF           (abs)        0000
__CFG_PWRTE$OFF           (abs)        0000
__CFG_WDTE$OFF            (abs)        0000
__CFG_WRT$OFF             (abs)        0000
__Habs1                   abs1         0000
__Hbank0                  bank0        0000
__Hbank1                  bank1        0000
__Hbank2                  bank2        0000
__Hbank3                  bank3        0000
__HbssBANK0               bssBANK0     0000
__Hcinit                  cinit        0800
__Hclrtext                clrtext      0000
__Hcode                   code         0000
__Hcommon                 common       0000
__Hconfig                 config       2009
__HcstackBANK0            cstackBANK0  0000
__HcstackCOMMON           cstackCOMMON 0000
__Heeprom_data            eeprom_data  0000
__Hend_init               end_init     0003
__Hfunctab                functab      0000
__Hidloc                  idloc        0000
__Hinit                   init         0000
__Hintentry               intentry     0000
__Hmaintext               maintext     0000
__Hpowerup                powerup      0000
__Hram                    ram          0000
__Hreset_vec              reset_vec    0000
__Hsfr0                   sfr0         0000
__Hsfr1                   sfr1         0000
__Hsfr2                   sfr2         0000
__Hsfr3                   sfr3         0000
__Hspace_0                (abs)        2009
__Hspace_1                (abs)        007E
__Hspace_2                (abs)        0000
__Hspace_3                (abs)        0000
__Hstack                  stack        0000
__Hstrings                strings      0000
__Htext                   text         0000
__Labs1                   abs1         0000
__Lbank0                  bank0        0000
__Lbank1                  bank1        0000
__Lbank2                  bank2        0000
__Lbank3                  bank3        0000
__LbssBANK0               bssBANK0     0000
__Lcinit                  cinit        07F0
__Lclrtext                clrtext      0000
__Lcode                   code         0000
__Lcommon                 common       0000
__Lconfig                 config       2007
__LcstackBANK0            cstackBANK0  0000
__LcstackCOMMON           cstackCOMMON 0000
__Leeprom_data            eeprom_data  0000
__Lend_init               end_init     0000
__Lfunctab                functab      0000
__Lidloc                  idloc        0000
__Linit                   init         0000
__Lintentry               intentry     0000
__Lmaintext               maintext     0000
__Lpowerup                powerup      0000
__Lram                    ram          0000
__Lreset_vec              reset_vec    0000
__Lsfr0                   sfr0         0000
__Lsfr1                   sfr1         0000
__Lsfr2                   sfr2         0000
__Lsfr3                   sfr3         0000
__Lspace_0                (abs)        0000
__Lspace_1                (abs)        0000
__Lspace_2                (abs)        0000
__Lspace_3                (abs)        0000
__Lstack                  stack        0000
__Lstrings                strings      0000
__Ltext                   text         0000
__S0                      (abs)        2009
__S1                      (abs)        007E
__S2                      (abs)        0000
__S3                      (abs)        0000
__Umul8_16                text22       0B4D
__Umul8_16@multiplicand   cstackCOMMON 0070
__Umul8_16@multiplier     cstackCOMMON 0078
__Umul8_16@product        cstackCOMMON 0074
__Umul8_16@word_mpld      cstackCOMMON 0076
___fladd                  text20       01F7
___fladd@a                cstackCOMMON 0074
___fladd@aexp             cstackCOMMON 0079
___fladd@b                cstackCOMMON 0070
___fladd@bexp             cstackCOMMON 007A
___fladd@grs              cstackCOMMON 007B
___fladd@signs            cstackCOMMON 0078
___fldiv                  text23       001A
___fldiv@a                cstackBANK0  0035
___fldiv@aexp             cstackBANK0  004E
___fldiv@b                cstackBANK0  0039
___fldiv@bexp             cstackBANK0  004D
___fldiv@grs              cstackBANK0  0049
___fldiv@new_exp          cstackBANK0  0047
___fldiv@rem              cstackBANK0  0042
___fldiv@sign             cstackBANK0  0046
___flmul                  text21       048F
___flmul@a                cstackBANK0  0024
___flmul@aexp             cstackBANK0  002D
___flmul@b                cstackBANK0  0020
___flmul@bexp             cstackBANK0  002E
___flmul@grs              cstackBANK0  0029
___flmul@prod             cstackBANK0  002F
___flmul@sign             cstackBANK0  0028
___flmul@temp             cstackBANK0  0033
___flsub                  text19       0ADF
___flsub@a                cstackBANK0  0028
___flsub@b                cstackBANK0  002C
___fltol                  text18       0C9E
___fltol@exp1             cstackBANK0  0059
___fltol@f1               cstackBANK0  004F
___fltol@sign1            cstackBANK0  0058
___int_sp                 stack        0000
___latbits                (abs)        0002
___lldiv                  text10       0C38
___lldiv@counter          cstackCOMMON 007D
___lldiv@dividend         cstackCOMMON 0074
___lldiv@divisor          cstackCOMMON 0070
___lldiv@quotient         cstackCOMMON 0079
___sp                     stack        0000
___stackhi                (abs)        0000
___stacklo                (abs)        0000
___wmul                   text17       0B03
___wmul@multiplicand      cstackCOMMON 0072
___wmul@multiplier        cstackCOMMON 0070
___wmul@product           cstackCOMMON 0074
___xxtofl                 text16       0D1A
___xxtofl@arg             cstackBANK0  0022
___xxtofl@exp             cstackBANK0  0021
___xxtofl@sign            cstackBANK0  0020
___xxtofl@val             cstackCOMMON 0076
__end_of__Umul8_16        text22       0B74
__end_of___fladd          text20       048F
__end_of___fldiv          text23       01F7
__end_of___flmul          text21       07F0
__end_of___flsub          text19       0B03
__end_of___fltol          text18       0D1A
__end_of___lldiv          text10       0C9E
__end_of___wmul           text17       0B28
__end_of___xxtofl         text16       0DD6
__end_of__initialization  cinit        07FC
__end_of__stringtab       strings      0806
__end_of_delay_1ms        text8        001A
__end_of_i2c_masterRead   text14       0BAA
__end_of_i2c_masterStart  text13       0A6A
__end_of_i2c_masterStop   text12       0A73
__end_of_i2c_masterWait   text15       0A94
__end_of_i2c_masterWrite  text11       0A7D
__end_of_i2c_master_init  text9        0BE2
__end_of_lcd8_cmd         text4        0AC3
__end_of_lcd8_dispChar    text6        0B4D
__end_of_lcd8_dispNum     text5        0AA2
__end_of_lcd8_init        text3        0C38
__end_of_lcd8_setCursor   text2        0ADF
__end_of_lcd8_write       text7        0AB2
__end_of_main             maintext     1000
__end_of_setup            text1        0A87
__initialization          cinit        07F0
__pbssBANK0               bssBANK0     005E
__pcstackBANK0            cstackBANK0  0020
__pcstackCOMMON           cstackCOMMON 0070
__pmaintext               maintext     0DD6
__pstrings                strings      0800
__ptext1                  text1        0A7D
__ptext10                 text10       0C38
__ptext11                 text11       0A73
__ptext12                 text12       0A6A
__ptext13                 text13       0A61
__ptext14                 text14       0B74
__ptext15                 text15       0A87
__ptext16                 text16       0D1A
__ptext17                 text17       0B03
__ptext18                 text18       0C9E
__ptext19                 text19       0ADF
__ptext2                  text2        0AC3
__ptext20                 text20       01F7
__ptext21                 text21       048F
__ptext22                 text22       0B4D
__ptext23                 text23       001A
__ptext3                  text3        0BE2
__ptext4                  text4        0AB2
__ptext5                  text5        0A94
__ptext6                  text6        0B28
__ptext7                  text7        0AA2
__ptext8                  text8        0004
__ptext9                  text9        0BAA
__size_of__Umul8_16       (abs)        0000
__size_of___fladd         (abs)        0000
__size_of___fldiv         (abs)        0000
__size_of___flmul         (abs)        0000
__size_of___flsub         (abs)        0000
__size_of___fltol         (abs)        0000
__size_of___lldiv         (abs)        0000
__size_of___wmul          (abs)        0000
__size_of___xxtofl        (abs)        0000
__size_of_delay_1ms       (abs)        0000
__size_of_i2c_masterRead  (abs)        0000
__size_of_i2c_masterStart (abs)        0000
__size_of_i2c_masterStop  (abs)        0000
__size_of_i2c_masterWait  (abs)        0000
__size_of_i2c_masterWrite (abs)        0000
__size_of_i2c_master_init (abs)        0000
__size_of_lcd8_cmd        (abs)        0000
__size_of_lcd8_dispChar   (abs)        0000
__size_of_lcd8_dispNum    (abs)        0000
__size_of_lcd8_init       (abs)        0000
__size_of_lcd8_setCursor  (abs)        0000
__size_of_lcd8_write      (abs)        0000
__size_of_main            (abs)        0000
__size_of_setup           (abs)        0000
__stringbase              strings      0805
__stringtab               strings      0800
_centenas                 bssBANK0     0066
_decenas                  bssBANK0     0064
_delay_1ms                text8        0004
_i2c_masterRead           text14       0B74
_i2c_masterStart          text13       0A61
_i2c_masterStop           text12       0A6A
_i2c_masterWait           text15       0A87
_i2c_masterWrite          text11       0A73
_i2c_master_init          text9        0BAA
_lcd8_cmd                 text4        0AB2
_lcd8_dispChar            text6        0B28
_lcd8_dispNum             text5        0A94
_lcd8_init                text3        0BE2
_lcd8_setCursor           text2        0AC3
_lcd8_write               text7        0AA2
_main                     maintext     0DD6
_setup                    text1        0A7D
_temp_pot1                bssBANK0     005E
_unidades                 bssBANK0     0062
btemp                     (abs)        007E
delay_1ms@i               cstackCOMMON 0070
end_of_initialization     cinit        07FC
i2c_masterRead@a          cstackCOMMON 0070
i2c_masterRead@temp       cstackCOMMON 0074
i2c_masterWrite@data      cstackCOMMON 0070
i2c_master_init@c         cstackBANK0  0020
intlevel0                 functab      0000
intlevel1                 functab      0000
intlevel2                 functab      0000
intlevel3                 functab      0000
intlevel4                 functab      0000
intlevel5                 functab      0000
lcd8_cmd@cmd              cstackCOMMON 0072
lcd8_dispChar@value       cstackCOMMON 0076
lcd8_dispNum@val_num      cstackCOMMON 0074
lcd8_setCursor@columna    cstackCOMMON 0073
lcd8_setCursor@fila       cstackCOMMON 0074
lcd8_write@dat            cstackCOMMON 0072
reset_vec                 reset_vec    0000
start                     init         0000
start_initialization      cinit        07F0
wtemp0                    (abs)        007E


FUNCTION INFORMATION:

 *************** function _main *****************
 Defined at:
		line 42 in file "i2c_master.c"
 Parameters:    Size  Location     Type
		None
 Auto vars:     Size  Location     Type
		None
 Return value:  Size  Location     Type
                  1    wreg      void 
 Registers used:
		wreg, fsr0l, fsr0h, status,2, status,0, btemp+1, pclath, cstack
 Tracked objects:
		On entry : 
		On exit  : 
		Unchanged: 
 Data sizes:     COMMON   BANK0   BANK1   BANK3   BANK2
      Params:         0       0       0       0       0
      Locals:         0       0       0       0       0
      Temps:          0       4       0       0       0
      Totals:         0       4       0       0       0
Total ram usage:        4 bytes
 Hardware stack levels required when called:    3
 This function calls:
		___fldiv
		___flmul
		___flsub
		___fltol
		___wmul
		___xxtofl
		_delay_1ms
		_i2c_masterRead
		_i2c_masterStart
		_i2c_masterStop
		_i2c_masterWrite
		_i2c_master_init
		_lcd8_dispChar
		_lcd8_dispNum
		_lcd8_init
		_lcd8_setCursor
		_setup
 This function is called by:
		Startup code after reset
 This function uses a non-reentrant model


 *************** function _setup *****************
 Defined at:
		line 85 in file "i2c_master.c"
 Parameters:    Size  Location     Type
		None
 Auto vars:     Size  Location     Type
		None
 Return value:  Size  Location     Type
                  1    wreg      void 
 Registers used:
		wreg, status,2
 Tracked objects:
		On entry : 
		On exit  : 
		Unchanged: 
 Data sizes:     COMMON   BANK0   BANK1   BANK3   BANK2
      Params:         0       0       0       0       0
      Locals:         0       0       0       0       0
      Temps:          0       0       0       0       0
      Totals:         0       0       0       0       0
Total ram usage:        0 bytes
 Hardware stack levels used:    1
 This function calls:
		Nothing
 This function is called by:
		_main
 This function uses a non-reentrant model


 *************** function _lcd8_setCursor *****************
 Defined at:
		line 62 in file "LCDv1.c"
 Parameters:    Size  Location     Type
  fila            1    wreg     unsigned char 
  columna         1    3[COMMON] unsigned char 
 Auto vars:     Size  Location     Type
  fila            1    4[COMMON] unsigned char 
 Return value:  Size  Location     Type
                  1    wreg      void 
 Registers used:
		wreg, status,2, status,0, btemp+1, pclath, cstack
 Tracked objects:
		On entry : 
		On exit  : 
		Unchanged: 
 Data sizes:     COMMON   BANK0   BANK1   BANK3   BANK2
      Params:         1       0       0       0       0
      Locals:         1       0       0       0       0
      Temps:          0       0       0       0       0
      Totals:         2       0       0       0       0
Total ram usage:        2 bytes
 Hardware stack levels used:    1
 Hardware stack levels required when called:    2
 This function calls:
		_lcd8_cmd
 This function is called by:
		_main
 This function uses a non-reentrant model


 *************** function _lcd8_init *****************
 Defined at:
		line 18 in file "LCDv1.c"
 Parameters:    Size  Location     Type
		None
 Auto vars:     Size  Location     Type
		None
 Return value:  Size  Location     Type
                  1    wreg      void 
 Registers used:
		wreg, status,2, status,0, btemp+1, pclath, cstack
 Tracked objects:
		On entry : 
		On exit  : 
		Unchanged: 
 Data sizes:     COMMON   BANK0   BANK1   BANK3   BANK2
      Params:         0       0       0       0       0
      Locals:         0       0       0       0       0
      Temps:          2       0       0       0       0
      Totals:         2       0       0       0       0
Total ram usage:        2 bytes
 Hardware stack levels used:    1
 Hardware stack levels required when called:    2
 This function calls:
		_lcd8_cmd
 This function is called by:
		_main
 This function uses a non-reentrant model


 *************** function _lcd8_cmd *****************
 Defined at:
		line 34 in file "LCDv1.c"
 Parameters:    Size  Location     Type
  cmd             1    wreg     unsigned char 
 Auto vars:     Size  Location     Type
  cmd             1    2[COMMON] unsigned char 
 Return value:  Size  Location     Type
                  1    wreg      void 
 Registers used:
		wreg, status,2, status,0, btemp+1, pclath, cstack
 Tracked objects:
		On entry : 
		On exit  : 
		Unchanged: 
 Data sizes:     COMMON   BANK0   BANK1   BANK3   BANK2
      Params:         0       0       0       0       0
      Locals:         1       0       0       0       0
      Temps:          0       0       0       0       0
      Totals:         1       0       0       0       0
Total ram usage:        1 bytes
 Hardware stack levels used:    1
 Hardware stack levels required when called:    1
 This function calls:
		_delay_1ms
 This function is called by:
		_lcd8_init
		_lcd8_setCursor
 This function uses a non-reentrant model


 *************** function _lcd8_dispNum *****************
 Defined at:
		line 58 in file "LCDv1.c"
 Parameters:    Size  Location     Type
  val_num         2    4[COMMON] int 
 Auto vars:     Size  Location     Type
		None
 Return value:  Size  Location     Type
                  1    wreg      void 
 Registers used:
		wreg, status,2, status,0, btemp+1, pclath, cstack
 Tracked objects:
		On entry : 
		On exit  : 
		Unchanged: 
 Data sizes:     COMMON   BANK0   BANK1   BANK3   BANK2
      Params:         2       0       0       0       0
      Locals:         0       0       0       0       0
      Temps:          0       0       0       0       0
      Totals:         2       0       0       0       0
Total ram usage:        2 bytes
 Hardware stack levels used:    1
 Hardware stack levels required when called:    2
 This function calls:
		_lcd8_write
 This function is called by:
		_main
 This function uses a non-reentrant model


 *************** function _lcd8_dispChar *****************
 Defined at:
		line 52 in file "LCDv1.c"
 Parameters:    Size  Location     Type
  value           1    wreg     PTR unsigned char 
		 -> STR_4(2), STR_3(4), STR_2(4), STR_1(4), 
 Auto vars:     Size  Location     Type
  value           1    6[COMMON] PTR unsigned char 
		 -> STR_4(2), STR_3(4), STR_2(4), STR_1(4), 
 Return value:  Size  Location     Type
                  1    wreg      void 
 Registers used:
		wreg, fsr0l, fsr0h, status,2, status,0, btemp+1, pclath, cstack
 Tracked objects:
		On entry : 
		On exit  : 
		Unchanged: 
 Data sizes:     COMMON   BANK0   BANK1   BANK3   BANK2
      Params:         0       0       0       0       0
      Locals:         1       0       0       0       0
      Temps:          2       0       0       0       0
      Totals:         3       0       0       0       0
Total ram usage:        3 bytes
 Hardware stack levels used:    1
 Hardware stack levels required when called:    2
 This function calls:
		_lcd8_write
 This function is called by:
		_main
 This function uses a non-reentrant model


 *************** function _lcd8_write *****************
 Defined at:
		line 43 in file "LCDv1.c"
 Parameters:    Size  Location     Type
  dat             2    2[COMMON] unsigned int 
 Auto vars:     Size  Location     Type
		None
 Return value:  Size  Location     Type
                  1    wreg      void 
 Registers used:
		wreg, status,2, status,0, btemp+1, pclath, cstack
 Tracked objects:
		On entry : 
		On exit  : 
		Unchanged: 
 Data sizes:     COMMON   BANK0   BANK1   BANK3   BANK2
      Params:         2       0       0       0       0
      Locals:         0       0       0       0       0
      Temps:          0       0       0       0       0
      Totals:         2       0       0       0       0
Total ram usage:        2 bytes
 Hardware stack levels used:    1
 Hardware stack levels required when called:    1
 This function calls:
		_delay_1ms
 This function is called by:
		_lcd8_dispChar
		_lcd8_dispNum
 This function uses a non-reentrant model


 *************** function _delay_1ms *****************
 Defined at:
		line 71 in file "LCDv1.c"
 Parameters:    Size  Location     Type
		None
 Auto vars:     Size  Location     Type
  i               2    0[COMMON] int 
 Return value:  Size  Location     Type
                  1    wreg      void 
 Registers used:
		wreg, status,2, btemp+1
 Tracked objects:
		On entry : 
		On exit  : 
		Unchanged: 
 Data sizes:     COMMON   BANK0   BANK1   BANK3   BANK2
      Params:         0       0       0       0       0
      Locals:         2       0       0       0       0
      Temps:          0       0       0       0       0
      Totals:         2       0       0       0       0
Total ram usage:        2 bytes
 Hardware stack levels used:    1
 This function calls:
		Nothing
 This function is called by:
		_main
		_lcd8_cmd
		_lcd8_write
 This function uses a non-reentrant model


 *************** function _i2c_master_init *****************
 Defined at:
		line 12 in file "I2C.c"
 Parameters:    Size  Location     Type
  c               4    0[BANK0 ] unsigned long 
 Auto vars:     Size  Location     Type
		None
 Return value:  Size  Location     Type
                  1    wreg      void 
 Registers used:
		wreg, status,2, status,0, pclath, cstack
 Tracked objects:
		On entry : 
		On exit  : 
		Unchanged: 
 Data sizes:     COMMON   BANK0   BANK1   BANK3   BANK2
      Params:         0       4       0       0       0
      Locals:         0       0       0       0       0
      Temps:          0       4       0       0       0
      Totals:         0       8       0       0       0
Total ram usage:        8 bytes
 Hardware stack levels used:    1
 Hardware stack levels required when called:    1
 This function calls:
		___lldiv
 This function is called by:
		_main
 This function uses a non-reentrant model


 *************** function ___lldiv *****************
 Defined at:
		line 5 in file "C:\Program Files (x86)\Microchip\xc8\v2.10\pic\sources\c90\common\__lldiv.c"
 Parameters:    Size  Location     Type
  divisor         4    0[COMMON] unsigned long 
  dividend        4    4[COMMON] unsigned long 
 Auto vars:     Size  Location     Type
  quotient        4    9[COMMON] unsigned long 
  counter         1   13[COMMON] unsigned char 
 Return value:  Size  Location     Type
                  4    0[COMMON] unsigned long 
 Registers used:
		wreg, status,2, status,0
 Tracked objects:
		On entry : 
		On exit  : 
		Unchanged: 
 Data sizes:     COMMON   BANK0   BANK1   BANK3   BANK2
      Params:         8       0       0       0       0
      Locals:         5       0       0       0       0
      Temps:          1       0       0       0       0
      Totals:        14       0       0       0       0
Total ram usage:       14 bytes
 Hardware stack levels used:    1
 This function calls:
		Nothing
 This function is called by:
		_i2c_master_init
 This function uses a non-reentrant model


 *************** function _i2c_masterWrite *****************
 Defined at:
		line 40 in file "I2C.c"
 Parameters:    Size  Location     Type
  data            2    0[COMMON] unsigned int 
 Auto vars:     Size  Location     Type
		None
 Return value:  Size  Location     Type
                  1    wreg      void 
 Registers used:
		wreg, status,2, status,0, pclath, cstack
 Tracked objects:
		On entry : 
		On exit  : 
		Unchanged: 
 Data sizes:     COMMON   BANK0   BANK1   BANK3   BANK2
      Params:         2       0       0       0       0
      Locals:         0       0       0       0       0
      Temps:          0       0       0       0       0
      Totals:         2       0       0       0       0
Total ram usage:        2 bytes
 Hardware stack levels used:    1
 Hardware stack levels required when called:    1
 This function calls:
		_i2c_masterWait
 This function is called by:
		_main
 This function uses a non-reentrant model


 *************** function _i2c_masterStop *****************
 Defined at:
		line 35 in file "I2C.c"
 Parameters:    Size  Location     Type
		None
 Auto vars:     Size  Location     Type
		None
 Return value:  Size  Location     Type
                  1    wreg      void 
 Registers used:
		wreg, status,2, status,0, pclath, cstack
 Tracked objects:
		On entry : 
		On exit  : 
		Unchanged: 
 Data sizes:     COMMON   BANK0   BANK1   BANK3   BANK2
      Params:         0       0       0       0       0
      Locals:         0       0       0       0       0
      Temps:          0       0       0       0       0
      Totals:         0       0       0       0       0
Total ram usage:        0 bytes
 Hardware stack levels used:    1
 Hardware stack levels required when called:    1
 This function calls:
		_i2c_masterWait
 This function is called by:
		_main
 This function uses a non-reentrant model


 *************** function _i2c_masterStart *****************
 Defined at:
		line 25 in file "I2C.c"
 Parameters:    Size  Location     Type
		None
 Auto vars:     Size  Location     Type
		None
 Return value:  Size  Location     Type
                  1    wreg      void 
 Registers used:
		wreg, status,2, status,0, pclath, cstack
 Tracked objects:
		On entry : 
		On exit  : 
		Unchanged: 
 Data sizes:     COMMON   BANK0   BANK1   BANK3   BANK2
      Params:         0       0       0       0       0
      Locals:         0       0       0       0       0
      Temps:          0       0       0       0       0
      Totals:         0       0       0       0       0
Total ram usage:        0 bytes
 Hardware stack levels used:    1
 Hardware stack levels required when called:    1
 This function calls:
		_i2c_masterWait
 This function is called by:
		_main
 This function uses a non-reentrant model


 *************** function _i2c_masterRead *****************
 Defined at:
		line 45 in file "I2C.c"
 Parameters:    Size  Location     Type
  a               2    0[COMMON] unsigned short 
 Auto vars:     Size  Location     Type
  temp            2    4[COMMON] unsigned short 
 Return value:  Size  Location     Type
                  2    0[COMMON] unsigned short 
 Registers used:
		wreg, status,2, status,0, pclath, cstack
 Tracked objects:
		On entry : 
		On exit  : 
		Unchanged: 
 Data sizes:     COMMON   BANK0   BANK1   BANK3   BANK2
      Params:         2       0       0       0       0
      Locals:         2       0       0       0       0
      Temps:          2       0       0       0       0
      Totals:         6       0       0       0       0
Total ram usage:        6 bytes
 Hardware stack levels used:    1
 Hardware stack levels required when called:    1
 This function calls:
		_i2c_masterWait
 This function is called by:
		_main
 This function uses a non-reentrant model


 *************** function _i2c_masterWait *****************
 Defined at:
		line 21 in file "I2C.c"
 Parameters:    Size  Location     Type
		None
 Auto vars:     Size  Location     Type
		None
 Return value:  Size  Location     Type
                  1    wreg      void 
 Registers used:
		wreg, status,2
 Tracked objects:
		On entry : 
		On exit  : 
		Unchanged: 
 Data sizes:     COMMON   BANK0   BANK1   BANK3   BANK2
      Params:         0       0       0       0       0
      Locals:         0       0       0       0       0
      Temps:          0       0       0       0       0
      Totals:         0       0       0       0       0
Total ram usage:        0 bytes
 Hardware stack levels used:    1
 This function calls:
		Nothing
 This function is called by:
		_i2c_masterStart
		_i2c_masterStop
		_i2c_masterWrite
		_i2c_masterRead
		_i2c_master_RStart
 This function uses a non-reentrant model


 *************** function ___xxtofl *****************
 Defined at:
		line 10 in file "C:\Program Files (x86)\Microchip\xc8\v2.10\pic\sources\c90\common\xxtofl.c"
 Parameters:    Size  Location     Type
  sign            1    wreg     unsigned char 
  val             4    6[COMMON] long 
 Auto vars:     Size  Location     Type
  sign            1    0[BANK0 ] unsigned char 
  arg             4    2[BANK0 ] unsigned long 
  exp             1    1[BANK0 ] unsigned char 
 Return value:  Size  Location     Type
                  4    6[COMMON] unsigned char 
 Registers used:
		wreg, status,2, status,0
 Tracked objects:
		On entry : 
		On exit  : 
		Unchanged: 
 Data sizes:     COMMON   BANK0   BANK1   BANK3   BANK2
      Params:         4       0       0       0       0
      Locals:         0       6       0       0       0
      Temps:          4       0       0       0       0
      Totals:         8       6       0       0       0
Total ram usage:       14 bytes
 Hardware stack levels used:    1
 This function calls:
		Nothing
 This function is called by:
		_main
 This function uses a non-reentrant model


 *************** function ___wmul *****************
 Defined at:
		line 15 in file "C:\Program Files (x86)\Microchip\xc8\v2.10\pic\sources\c90\common\Umul16.c"
 Parameters:    Size  Location     Type
  multiplier      2    0[COMMON] unsigned int 
  multiplicand    2    2[COMMON] unsigned int 
 Auto vars:     Size  Location     Type
  product         2    4[COMMON] unsigned int 
 Return value:  Size  Location     Type
                  2    0[COMMON] unsigned int 
 Registers used:
		wreg, status,2, status,0
 Tracked objects:
		On entry : 
		On exit  : 
		Unchanged: 
 Data sizes:     COMMON   BANK0   BANK1   BANK3   BANK2
      Params:         4       0       0       0       0
      Locals:         2       0       0       0       0
      Temps:          0       0       0       0       0
      Totals:         6       0       0       0       0
Total ram usage:        6 bytes
 Hardware stack levels used:    1
 This function calls:
		Nothing
 This function is called by:
		_main
 This function uses a non-reentrant model


 *************** function ___fltol *****************
 Defined at:
		line 43 in file "C:\Program Files (x86)\Microchip\xc8\v2.10\pic\sources\c90\common\fltol.c"
 Parameters:    Size  Location     Type
  f1              4   47[BANK0 ] unsigned int 
 Auto vars:     Size  Location     Type
  exp1            1   57[BANK0 ] unsigned char 
  sign1           1   56[BANK0 ] unsigned char 
 Return value:  Size  Location     Type
                  4   47[BANK0 ] long 
 Registers used:
		wreg, status,2, status,0
 Tracked objects:
		On entry : 
		On exit  : 
		Unchanged: 
 Data sizes:     COMMON   BANK0   BANK1   BANK3   BANK2
      Params:         0       4       0       0       0
      Locals:         0       2       0       0       0
      Temps:          0       5       0       0       0
      Totals:         0      11       0       0       0
Total ram usage:       11 bytes
 Hardware stack levels used:    1
 This function calls:
		Nothing
 This function is called by:
		_main
 This function uses a non-reentrant model


 *************** function ___flsub *****************
 Defined at:
		line 242 in file "C:\Program Files (x86)\Microchip\xc8\v2.10\pic\sources\c90\common\sprcadd.c"
 Parameters:    Size  Location     Type
  a               4    8[BANK0 ] long 
  b               4   12[BANK0 ] long 
 Auto vars:     Size  Location     Type
		None
 Return value:  Size  Location     Type
                  4    8[BANK0 ] long 
 Registers used:
		wreg, status,2, status,0, btemp+1, pclath, cstack
 Tracked objects:
		On entry : 
		On exit  : 
		Unchanged: 
 Data sizes:     COMMON   BANK0   BANK1   BANK3   BANK2
      Params:         0       8       0       0       0
      Locals:         0       0       0       0       0
      Temps:          0       0       0       0       0
      Totals:         0       8       0       0       0
Total ram usage:        8 bytes
 Hardware stack levels used:    1
 Hardware stack levels required when called:    1
 This function calls:
		___fladd
 This function is called by:
		_main
 This function uses a non-reentrant model


 *************** function ___fladd *****************
 Defined at:
		line 10 in file "C:\Program Files (x86)\Microchip\xc8\v2.10\pic\sources\c90\common\sprcadd.c"
 Parameters:    Size  Location     Type
  b               4    0[COMMON] long 
  a               4    4[COMMON] long 
 Auto vars:     Size  Location     Type
  grs             1   11[COMMON] unsigned char 
  bexp            1   10[COMMON] unsigned char 
  aexp            1    9[COMMON] unsigned char 
  signs           1    8[COMMON] unsigned char 
 Return value:  Size  Location     Type
                  4    0[COMMON] unsigned char 
 Registers used:
		wreg, status,2, status,0, btemp+1
 Tracked objects:
		On entry : 
		On exit  : 
		Unchanged: 
 Data sizes:     COMMON   BANK0   BANK1   BANK3   BANK2
      Params:         8       0       0       0       0
      Locals:         4       0       0       0       0
      Temps:          0       8       0       0       0
      Totals:        12       8       0       0       0
Total ram usage:       20 bytes
 Hardware stack levels used:    1
 This function calls:
		Nothing
 This function is called by:
		___flsub
 This function uses a non-reentrant model


 *************** function ___flmul *****************
 Defined at:
		line 8 in file "C:\Program Files (x86)\Microchip\xc8\v2.10\pic\sources\c90\common\sprcmul.c"
 Parameters:    Size  Location     Type
  b               4    0[BANK0 ] unsigned char 
  a               4    4[BANK0 ] unsigned char 
 Auto vars:     Size  Location     Type
  prod            4   15[BANK0 ] struct .
  grs             4    9[BANK0 ] unsigned long 
  temp            2   19[BANK0 ] struct .
  bexp            1   14[BANK0 ] unsigned char 
  aexp            1   13[BANK0 ] unsigned char 
  sign            1    8[BANK0 ] unsigned char 
 Return value:  Size  Location     Type
                  4    0[BANK0 ] unsigned char 
 Registers used:
		wreg, status,2, status,0, btemp+1, pclath, cstack
 Tracked objects:
		On entry : 
		On exit  : 
		Unchanged: 
 Data sizes:     COMMON   BANK0   BANK1   BANK3   BANK2
      Params:         0       8       0       0       0
      Locals:         0      13       0       0       0
      Temps:          5       0       0       0       0
      Totals:         5      21       0       0       0
Total ram usage:       26 bytes
 Hardware stack levels used:    1
 Hardware stack levels required when called:    1
 This function calls:
		__Umul8_16
 This function is called by:
		_main
 This function uses a non-reentrant model


 *************** function __Umul8_16 *****************
 Defined at:
		line 4 in file "C:\Program Files (x86)\Microchip\xc8\v2.10\pic\sources\c90\common\Umul8_16.c"
 Parameters:    Size  Location     Type
  multiplier      1    wreg     unsigned char 
  multiplicand    1    0[COMMON] unsigned char 
 Auto vars:     Size  Location     Type
  multiplier      1    8[COMMON] unsigned char 
  word_mpld       2    6[COMMON] unsigned int 
  product         2    4[COMMON] unsigned int 
 Return value:  Size  Location     Type
                  2    0[COMMON] unsigned int 
 Registers used:
		wreg, status,2, status,0
 Tracked objects:
		On entry : 
		On exit  : 
		Unchanged: 
 Data sizes:     COMMON   BANK0   BANK1   BANK3   BANK2
      Params:         2       0       0       0       0
      Locals:         5       0       0       0       0
      Temps:          2       0       0       0       0
      Totals:         9       0       0       0       0
Total ram usage:        9 bytes
 Hardware stack levels used:    1
 This function calls:
		Nothing
 This function is called by:
		___flmul
 This function uses a non-reentrant model


 *************** function ___fldiv *****************
 Defined at:
		line 8 in file "C:\Program Files (x86)\Microchip\xc8\v2.10\pic\sources\c90\common\sprcdiv.c"
 Parameters:    Size  Location     Type
  a               4   21[BANK0 ] unsigned int 
  b               4   25[BANK0 ] unsigned int 
 Auto vars:     Size  Location     Type
  grs             4   41[BANK0 ] unsigned long 
  rem             4   34[BANK0 ] unsigned long 
  new_exp         2   39[BANK0 ] int 
  aexp            1   46[BANK0 ] unsigned char 
  bexp            1   45[BANK0 ] unsigned char 
  sign            1   38[BANK0 ] unsigned char 
 Return value:  Size  Location     Type
                  4   21[BANK0 ] unsigned char 
 Registers used:
		wreg, status,2, status,0, btemp+1
 Tracked objects:
		On entry : 
		On exit  : 
		Unchanged: 
 Data sizes:     COMMON   BANK0   BANK1   BANK3   BANK2
      Params:         0       8       0       0       0
      Locals:         0      13       0       0       0
      Temps:          0       5       0       0       0
      Totals:         0      26       0       0       0
Total ram usage:       26 bytes
 Hardware stack levels used:    1
 This function calls:
		Nothing
 This function is called by:
		_main
 This function uses a non-reentrant model



MODULE INFORMATION

Module		Function		Class		Link	Load	Size
C:\Program Files (x86)\Microchip\xc8\v2.10\pic\sources\c90\common\fltol.c
		___fltol       		CODE           	0C9E	0000	125

C:\Program Files (x86)\Microchip\xc8\v2.10\pic\sources\c90\common\fltol.c estimated size: 125

LCDv1.c
		_lcd8_setCursor		CODE           	0AC3	0000	29
		_lcd8_write    		CODE           	0AA2	0000	17
		_delay_1ms     		CODE           	0004	0000	23
		_lcd8_dispNum  		CODE           	0A94	0000	15
		_lcd8_dispChar 		CODE           	0B28	0000	38
		_lcd8_init     		CODE           	0BE2	0000	87
		_lcd8_cmd      		CODE           	0AB2	0000	18

LCDv1.c estimated size: 227

C:\Program Files (x86)\Microchip\xc8\v2.10\pic\sources\c90\common\Umul16.c
		___wmul        		CODE           	0B03	0000	38

C:\Program Files (x86)\Microchip\xc8\v2.10\pic\sources\c90\common\Umul16.c estimated size: 38

I2C.c
		_i2c_masterRead		CODE           	0B74	0000	55
		_i2c_masterWait		CODE           	0A87	0000	14
		_i2c_masterStop		CODE           	0A6A	0000	10
		_i2c_masterWrite		CODE           	0A73	0000	11
		_i2c_master_init		CODE           	0BAA	0000	57
		_i2c_masterStart		CODE           	0A61	0000	10

I2C.c estimated size: 157

C:\Program Files (x86)\Microchip\xc8\v2.10\pic\sources\c90\common\sprcmul.c
		___flmul       		CODE           	048F	0000	866

C:\Program Files (x86)\Microchip\xc8\v2.10\pic\sources\c90\common\sprcmul.c estimated size: 866

C:\Program Files (x86)\Microchip\xc8\v2.10\pic\sources\c90\common\Umul8_16.c
		__Umul8_16     		CODE           	0B4D	0000	40

C:\Program Files (x86)\Microchip\xc8\v2.10\pic\sources\c90\common\Umul8_16.c estimated size: 40

C:\Program Files (x86)\Microchip\xc8\v2.10\pic\sources\c90\common\__lldiv.c
		___lldiv       		CODE           	0C38	0000	103

C:\Program Files (x86)\Microchip\xc8\v2.10\pic\sources\c90\common\__lldiv.c estimated size: 103

C:\Program Files (x86)\Microchip\xc8\v2.10\pic\sources\c90\common\sprcdiv.c
		___fldiv       		CODE           	001A	0000	478

C:\Program Files (x86)\Microchip\xc8\v2.10\pic\sources\c90\common\sprcdiv.c estimated size: 478

i2c_master.c
		_main          		CODE           	0DD6	0000	555
		_setup         		CODE           	0A7D	0000	11

i2c_master.c estimated size: 566

C:\Program Files (x86)\Microchip\xc8\v2.10\pic\sources\c90\common\xxtofl.c
		___xxtofl      		CODE           	0D1A	0000	189

C:\Program Files (x86)\Microchip\xc8\v2.10\pic\sources\c90\common\xxtofl.c estimated size: 189

shared
		__stringtab    		STRING         	0800	0000	7
		__initialization		CODE           	07F0	0000	13

shared estimated size: 20

C:\Program Files (x86)\Microchip\xc8\v2.10\pic\sources\c90\common\sprcadd.c
		___flsub       		CODE           	0ADF	0000	37
		___fladd       		CODE           	01F7	0000	665

C:\Program Files (x86)\Microchip\xc8\v2.10\pic\sources\c90\common\sprcadd.c estimated size: 702

